[27Feb2025 21:21:03.158] [main/INFO] [cpw.mods.modlauncher.Launcher/MODLAUNCHER]: ModLauncher running: args [--launchTarget, forgeclientuserdev, --version, 21.1.15, --assetIndex, 17, --assetsDir, /Users/strawhattom/.gradle/caches/neoformruntime/assets, --gameDir, ., --fml.neoForgeVersion, 21.1.15, --fml.fmlVersion, 4.0.24, --fml.mcVersion, 1.21.1, --fml.neoFormVersion, 20240808.144430]
[27Feb2025 21:21:03.159] [main/INFO] [cpw.mods.modlauncher.Launcher/MODLAUNCHER]: JVM identified as Eclipse Adoptium OpenJDK 64-Bit Server VM 21.0.6+7-LTS
[27Feb2025 21:21:03.159] [main/INFO] [cpw.mods.modlauncher.Launcher/MODLAUNCHER]: ModLauncher 11.0.4+main.d2e20e43 starting: java version 21.0.6 by Eclipse Adoptium; OS Mac OS X arch aarch64 version 15.3
[27Feb2025 21:21:03.201] [main/INFO] [net.neoforged.fml.loading.ImmediateWindowHandler/]: Loading ImmediateWindowProvider fmlearlywindow
[27Feb2025 21:21:03.334] [main/INFO] [EARLYDISPLAY/]: Trying GL version 4.6
[27Feb2025 21:21:03.369] [main/INFO] [EARLYDISPLAY/]: Trying GL version 4.5
[27Feb2025 21:21:03.377] [main/INFO] [EARLYDISPLAY/]: Trying GL version 4.4
[27Feb2025 21:21:03.382] [main/INFO] [EARLYDISPLAY/]: Trying GL version 4.3
[27Feb2025 21:21:03.388] [main/INFO] [EARLYDISPLAY/]: Trying GL version 4.2
[27Feb2025 21:21:03.394] [main/INFO] [EARLYDISPLAY/]: Trying GL version 4.1
[27Feb2025 21:21:03.405] [main/INFO] [EARLYDISPLAY/]: Requested GL version 4.1 got version 4.1
[27Feb2025 21:21:03.488] [main/INFO] [mixin/]: SpongePowered MIXIN Subsystem Version=0.8.6 Source=union:/Users/strawhattom/.gradle/caches/modules-2/files-2.1/net.fabricmc/sponge-mixin/0.14.0+mixin.0.8.6/c265173c84346e9e5d42a2384b2b02bd39a4a899/sponge-mixin-0.14.0+mixin.0.8.6.jar%23130!/ Service=ModLauncher Env=CLIENT
[27Feb2025 21:21:03.597] [main/INFO] [net.neoforged.fml.loading.moddiscovery.locators.JarInJarDependencyLocator/]: Found 1 dependencies adding them to mods collection
[27Feb2025 21:21:03.621] [pool-2-thread-1/INFO] [EARLYDISPLAY/]: GL info: Apple M3 GL version 4.1 Metal - 89.3, Apple
[27Feb2025 21:21:03.670] [main/INFO] [net.neoforged.fml.loading.FMLServiceProvider/CORE]: Loading coremod script-engine for [neoforge]
[27Feb2025 21:21:03.987] [main/INFO] [cpw.mods.modlauncher.LaunchServiceHandler/MODLAUNCHER]: Launching target 'forgeclientuserdev' with arguments [--version, 21.1.15, --gameDir, ., --assetsDir, /Users/strawhattom/.gradle/caches/neoformruntime/assets, --assetIndex, 17]
[27Feb2025 21:21:04.465] [Datafixer Bootstrap/INFO] [com.mojang.datafixers.DataFixerBuilder/]: 229 Datafixer optimizations took 100 milliseconds
[27Feb2025 21:21:04.827] [pool-7-thread-1/INFO] [MixinExtras|Service/]: Initializing MixinExtras via com.llamalad7.mixinextras.service.MixinExtrasServiceImpl(version=0.3.5).
[27Feb2025 21:21:06.884] [main/WARN] [net.minecraft.commands.Commands/]: Ambiguity between arguments [teleport, location] and [teleport, destination] with inputs: [0.1 -0.5 .9, 0 0 0]
[27Feb2025 21:21:06.884] [main/WARN] [net.minecraft.commands.Commands/]: Ambiguity between arguments [teleport, location] and [teleport, targets] with inputs: [0.1 -0.5 .9, 0 0 0]
[27Feb2025 21:21:06.885] [main/WARN] [net.minecraft.commands.Commands/]: Ambiguity between arguments [teleport, destination] and [teleport, targets] with inputs: [Player, 0123, @e, dd12be42-52a9-4a91-a8a1-11c01849e498]
[27Feb2025 21:21:06.886] [main/WARN] [net.minecraft.commands.Commands/]: Ambiguity between arguments [teleport, targets] and [teleport, destination] with inputs: [Player, 0123, dd12be42-52a9-4a91-a8a1-11c01849e498]
[27Feb2025 21:21:06.886] [main/WARN] [net.minecraft.commands.Commands/]: Ambiguity between arguments [teleport, targets, location] and [teleport, targets, destination] with inputs: [0.1 -0.5 .9, 0 0 0]
[27Feb2025 21:21:06.934] [Render thread/WARN] [net.minecraft.server.packs.VanillaPackResourcesBuilder/]: Assets URL 'union:/Users/strawhattom/dev/repos/SlideShow/build/moddev/artifacts/neoforge-21.1.15-minecraft.jar%23186!/assets/.mcassetsroot' uses unexpected schema
[27Feb2025 21:21:06.934] [Render thread/WARN] [net.minecraft.server.packs.VanillaPackResourcesBuilder/]: Assets URL 'union:/Users/strawhattom/dev/repos/SlideShow/build/moddev/artifacts/neoforge-21.1.15-minecraft.jar%23186!/data/.mcassetsroot' uses unexpected schema
[27Feb2025 21:21:06.944] [Render thread/INFO] [com.mojang.authlib.yggdrasil.YggdrasilAuthenticationService/]: Environment: Environment[sessionHost=https://sessionserver.mojang.com, servicesHost=https://api.minecraftservices.com, name=PROD]
[27Feb2025 21:21:06.947] [Render thread/INFO] [net.minecraft.client.Minecraft/]: Setting user: Dev
[27Feb2025 21:21:06.976] [Render thread/INFO] [net.minecraft.client.Minecraft/]: Backend library: LWJGL version 3.3.3+5
[27Feb2025 21:21:07.196] [modloading-worker-0/INFO] [net.neoforged.neoforge.common.NeoForgeMod/NEOFORGE-MOD]: NeoForge mod loading, version 21.1.15, for MC 1.21.1
[27Feb2025 21:21:07.559] [Render thread/INFO] [net.neoforged.neoforge.gametest.GameTestHooks/]: Enabled Gametest Namespaces: [slide_show]
[27Feb2025 21:21:07.580] [Render thread/INFO] [SlideShow/]: OptiFine loaded: false
[27Feb2025 21:21:07.689] [Render thread/INFO] [net.minecraft.server.packs.resources.ReloadableResourceManager/]: Reloading ResourceManager: vanilla, mod_resources, mod/slide_show, mod/neoforge
[27Feb2025 21:21:07.747] [Worker-Main-5/INFO] [net.minecraft.client.gui.font.providers.UnihexProvider/]: Found unifont_all_no_pua-15.1.05.hex, loading
[27Feb2025 21:21:07.844] [Worker-Main-4/INFO] [net.minecraft.client.gui.font.providers.UnihexProvider/]: Found unifont_jp_patch-15.1.05.hex, loading
[27Feb2025 21:21:08.480] [Render thread/INFO] [SlideShow/]: Registered related network packages (version 5)
[27Feb2025 21:21:08.512] [Render thread/WARN] [net.minecraft.client.sounds.SoundEngine/]: Missing sound for event: minecraft:item.goat_horn.play
[27Feb2025 21:21:08.513] [Render thread/WARN] [net.minecraft.client.sounds.SoundEngine/]: Missing sound for event: minecraft:entity.goat.screaming.horn_break
[27Feb2025 21:21:08.548] [Render thread/INFO] [com.mojang.blaze3d.audio.Library/]: OpenAL initialized on device External Headphones
[27Feb2025 21:21:08.549] [Render thread/INFO] [net.minecraft.client.sounds.SoundEngine/SOUNDS]: Sound engine started
[27Feb2025 21:21:08.600] [Render thread/INFO] [net.minecraft.client.renderer.texture.TextureAtlas/]: Created: 1024x512x4 minecraft:textures/atlas/blocks.png-atlas
[27Feb2025 21:21:08.607] [Render thread/INFO] [net.minecraft.client.renderer.texture.TextureAtlas/]: Created: 256x256x4 minecraft:textures/atlas/signs.png-atlas
[27Feb2025 21:21:08.607] [Render thread/INFO] [net.minecraft.client.renderer.texture.TextureAtlas/]: Created: 512x512x4 minecraft:textures/atlas/shield_patterns.png-atlas
[27Feb2025 21:21:08.608] [Render thread/INFO] [net.minecraft.client.renderer.texture.TextureAtlas/]: Created: 512x512x4 minecraft:textures/atlas/banner_patterns.png-atlas
[27Feb2025 21:21:08.608] [Render thread/INFO] [net.minecraft.client.renderer.texture.TextureAtlas/]: Created: 1024x1024x4 minecraft:textures/atlas/armor_trims.png-atlas
[27Feb2025 21:21:08.611] [Render thread/INFO] [net.minecraft.client.renderer.texture.TextureAtlas/]: Created: 128x64x4 minecraft:textures/atlas/decorated_pot.png-atlas
[27Feb2025 21:21:08.611] [Render thread/INFO] [net.minecraft.client.renderer.texture.TextureAtlas/]: Created: 256x256x4 minecraft:textures/atlas/chest.png-atlas
[27Feb2025 21:21:08.611] [Render thread/INFO] [net.minecraft.client.renderer.texture.TextureAtlas/]: Created: 512x256x4 minecraft:textures/atlas/shulker_boxes.png-atlas
[27Feb2025 21:21:08.612] [Render thread/INFO] [net.minecraft.client.renderer.texture.TextureAtlas/]: Created: 512x256x4 minecraft:textures/atlas/beds.png-atlas
[27Feb2025 21:21:08.679] [Render thread/INFO] [net.minecraft.client.renderer.texture.TextureAtlas/]: Created: 512x256x0 minecraft:textures/atlas/particles.png-atlas
[27Feb2025 21:21:08.679] [Render thread/INFO] [net.minecraft.client.renderer.texture.TextureAtlas/]: Created: 512x256x0 minecraft:textures/atlas/paintings.png-atlas
[27Feb2025 21:21:08.680] [Render thread/INFO] [net.minecraft.client.renderer.texture.TextureAtlas/]: Created: 256x128x0 minecraft:textures/atlas/mob_effects.png-atlas
[27Feb2025 21:21:08.680] [Render thread/INFO] [net.minecraft.client.renderer.texture.TextureAtlas/]: Created: 64x64x0 minecraft:textures/atlas/map_decorations.png-atlas
[27Feb2025 21:21:08.680] [Render thread/INFO] [net.minecraft.client.renderer.texture.TextureAtlas/]: Created: 1024x512x0 minecraft:textures/atlas/gui.png-atlas
[27Feb2025 21:21:08.707] [Render thread/WARN] [net.minecraft.client.renderer.ShaderInstance/]: Shader rendertype_entity_translucent_emissive could not find sampler named Sampler2 in the specified shader program.
[27Feb2025 21:21:14.039] [Render thread/INFO] [net.minecraft.world.level.storage.LevelStorageSource/]: Deleting level New World
[27Feb2025 21:21:14.040] [Render thread/INFO] [net.minecraft.world.level.storage.LevelStorageSource/]: Attempt 1...
[27Feb2025 21:21:14.364] [Render thread/INFO] [net.minecraft.world.item.crafting.RecipeManager/]: Loaded 1290 recipes
[27Feb2025 21:21:14.420] [Render thread/INFO] [net.minecraft.advancements.AdvancementTree/]: Loaded 1399 advancements
[27Feb2025 21:21:16.757] [Render thread/INFO] [net.minecraft.world.item.crafting.RecipeManager/]: Loaded 1290 recipes
[27Feb2025 21:21:16.784] [Render thread/INFO] [net.minecraft.advancements.AdvancementTree/]: Loaded 1399 advancements
[27Feb2025 21:21:17.335] [Server thread/INFO] [net.minecraft.client.server.IntegratedServer/]: Starting integrated minecraft server version 1.21.1
[27Feb2025 21:21:17.335] [Server thread/INFO] [net.minecraft.server.MinecraftServer/]: Generating keypair
[27Feb2025 21:21:20.099] [Server thread/INFO] [net.minecraft.server.MinecraftServer/]: Preparing start region for dimension minecraft:overworld
[27Feb2025 21:21:20.126] [progressListener/INFO] [net.minecraft.server.level.progress.LoggerChunkProgressListener/]: Preparing spawn area: 2%
[27Feb2025 21:21:20.623] [progressListener/INFO] [net.minecraft.server.level.progress.LoggerChunkProgressListener/]: Preparing spawn area: 2%
[27Feb2025 21:21:21.111] [progressListener/INFO] [net.minecraft.server.level.progress.LoggerChunkProgressListener/]: Preparing spawn area: 18%
[27Feb2025 21:21:21.624] [progressListener/INFO] [net.minecraft.server.level.progress.LoggerChunkProgressListener/]: Preparing spawn area: 51%
[27Feb2025 21:21:21.884] [Server thread/INFO] [net.neoforged.neoforge.server.permission.PermissionAPI/]: Successfully initialized permission handler neoforge:default_handler
[27Feb2025 21:21:21.891] [progressListener/INFO] [net.minecraft.server.level.progress.LoggerChunkProgressListener/]: Time elapsed: 1784 ms
[27Feb2025 21:21:21.899] [Server thread/INFO] [net.minecraft.client.server.IntegratedServer/]: Changing view distance to 12, from 10
[27Feb2025 21:21:21.899] [Server thread/INFO] [net.minecraft.client.server.IntegratedServer/]: Changing simulation distance to 12, from 0
[27Feb2025 21:21:22.195] [Server thread/INFO] [net.minecraft.server.players.PlayerList/]: Dev[local:E:d4b64c7f] logged in with entity id 13 at (-32.5, 72.0, -39.5)
[27Feb2025 21:21:22.203] [Server thread/INFO] [net.minecraft.server.MinecraftServer/]: Dev joined the game
[27Feb2025 21:21:22.291] [Render thread/INFO] [net.minecraft.advancements.AdvancementTree/]: Loaded 2 advancements
[27Feb2025 21:21:23.585] [Server thread/INFO] [net.minecraft.client.server.IntegratedServer/]: Saving and pausing game...
[27Feb2025 21:21:23.591] [Server thread/INFO] [net.minecraft.server.MinecraftServer/]: Saving chunks for level 'ServerLevel[New World]'/minecraft:overworld
[27Feb2025 21:21:23.607] [Server thread/INFO] [net.minecraft.server.MinecraftServer/]: Saving chunks for level 'ServerLevel[New World]'/minecraft:the_nether
[27Feb2025 21:21:23.614] [Server thread/INFO] [net.minecraft.server.MinecraftServer/]: Saving chunks for level 'ServerLevel[New World]'/minecraft:the_end
[27Feb2025 21:21:23.945] [Server thread/INFO] [net.minecraft.server.network.ServerGamePacketListenerImpl/]: Dev lost connection: Disconnected
[27Feb2025 21:21:23.945] [Server thread/INFO] [net.minecraft.server.MinecraftServer/]: Dev left the game
[27Feb2025 21:21:23.950] [Server thread/INFO] [net.minecraft.server.network.ServerCommonPacketListenerImpl/]: Stopping singleplayer server as player logged out
[27Feb2025 21:21:23.999] [Server thread/INFO] [net.minecraft.server.MinecraftServer/]: Stopping server
[27Feb2025 21:21:24.000] [Server thread/INFO] [net.minecraft.server.MinecraftServer/]: Saving players
[27Feb2025 21:21:24.000] [Server thread/INFO] [net.minecraft.server.MinecraftServer/]: Saving worlds
[27Feb2025 21:21:24.359] [Server thread/INFO] [net.minecraft.server.MinecraftServer/]: Saving chunks for level 'ServerLevel[New World]'/minecraft:overworld
[27Feb2025 21:21:24.385] [Server thread/INFO] [net.minecraft.server.MinecraftServer/]: Saving chunks for level 'ServerLevel[New World]'/minecraft:the_nether
[27Feb2025 21:21:24.388] [Server thread/INFO] [net.minecraft.server.MinecraftServer/]: Saving chunks for level 'ServerLevel[New World]'/minecraft:the_end
[27Feb2025 21:21:24.393] [Server thread/INFO] [net.minecraft.server.MinecraftServer/]: ThreadedAnvilChunkStorage (New World): All chunks are saved
[27Feb2025 21:21:24.393] [Server thread/INFO] [net.minecraft.server.MinecraftServer/]: ThreadedAnvilChunkStorage (DIM-1): All chunks are saved
[27Feb2025 21:21:24.393] [Server thread/INFO] [net.minecraft.server.MinecraftServer/]: ThreadedAnvilChunkStorage (DIM1): All chunks are saved
[27Feb2025 21:21:24.393] [Server thread/INFO] [net.minecraft.server.MinecraftServer/]: ThreadedAnvilChunkStorage: All dimensions are saved
[27Feb2025 21:21:27.622] [Render thread/INFO] [net.minecraft.world.level.storage.LevelStorageSource/]: Deleting level New World
[27Feb2025 21:21:27.622] [Render thread/INFO] [net.minecraft.world.level.storage.LevelStorageSource/]: Attempt 1...
[27Feb2025 21:21:27.834] [Render thread/INFO] [net.minecraft.world.item.crafting.RecipeManager/]: Loaded 1290 recipes
[27Feb2025 21:21:27.862] [Render thread/INFO] [net.minecraft.advancements.AdvancementTree/]: Loaded 1399 advancements
[27Feb2025 21:21:32.133] [Server thread/INFO] [net.minecraft.client.server.IntegratedServer/]: Starting integrated minecraft server version 1.21.1
[27Feb2025 21:21:32.133] [Server thread/INFO] [net.minecraft.server.MinecraftServer/]: Generating keypair
[27Feb2025 21:21:33.281] [Server thread/INFO] [net.minecraft.server.MinecraftServer/]: Preparing start region for dimension minecraft:overworld
[27Feb2025 21:21:33.314] [progressListener/INFO] [net.minecraft.server.level.progress.LoggerChunkProgressListener/]: Preparing spawn area: 2%
[27Feb2025 21:21:33.806] [progressListener/INFO] [net.minecraft.server.level.progress.LoggerChunkProgressListener/]: Preparing spawn area: 18%
[27Feb2025 21:21:34.303] [progressListener/INFO] [net.minecraft.server.level.progress.LoggerChunkProgressListener/]: Preparing spawn area: 51%
[27Feb2025 21:21:34.403] [Server thread/INFO] [net.neoforged.neoforge.server.permission.PermissionAPI/]: Successfully initialized permission handler neoforge:default_handler
[27Feb2025 21:21:34.405] [Server thread/INFO] [net.minecraft.client.server.IntegratedServer/]: Changing view distance to 12, from 10
[27Feb2025 21:21:34.405] [Server thread/INFO] [net.minecraft.client.server.IntegratedServer/]: Changing simulation distance to 12, from 0
[27Feb2025 21:21:34.410] [progressListener/INFO] [net.minecraft.server.level.progress.LoggerChunkProgressListener/]: Time elapsed: 1113 ms
[27Feb2025 21:21:34.604] [Server thread/INFO] [net.minecraft.server.players.PlayerList/]: Dev[local:E:f796f800] logged in with entity id 242 at (-2.5, 77.0, -5.5)
[27Feb2025 21:21:34.619] [Server thread/INFO] [net.minecraft.server.MinecraftServer/]: Dev joined the game
[27Feb2025 21:21:34.658] [Render thread/INFO] [net.minecraft.advancements.AdvancementTree/]: Loaded 2 advancements
[27Feb2025 21:21:42.761] [Render thread/INFO] [SlideShow/]: New ProjectorURL[urlString=]
[27Feb2025 21:21:42.762] [Render thread/INFO] [SlideShow/]: New ProjectorURL[urlString=]
[27Feb2025 21:21:43.241] [Render thread/INFO] [SlideShow/]: New ProjectorURL[urlString=]
[27Feb2025 21:21:49.141] [Render thread/INFO] [SlideShow/]: New ProjectorURL[urlString=http://minecraft.scoreboard.capybara-soum.ovh:8080/output_standard.png]
[27Feb2025 21:21:51.268] [Netty Server IO #3/INFO] [SlideShow/]: New ProjectorURL[urlString=http://minecraft.scoreboard.capybara-soum.ovh:8080/output_standard.png]
[27Feb2025 21:21:51.297] [Netty Local Client IO #1/INFO] [SlideShow/]: New ProjectorURL[urlString=http://minecraft.scoreboard.capybara-soum.ovh:8080/output_standard.png]
[27Feb2025 21:21:51.306] [Render thread/INFO] [SlideShow/]: New ProjectorURL[urlString=http://minecraft.scoreboard.capybara-soum.ovh:8080/output_standard.png?t=0]
[27Feb2025 21:21:51.349] [Netty Local Client IO #1/INFO] [SlideShow/]: New ProjectorURL[urlString=http://minecraft.scoreboard.capybara-soum.ovh:8080/output_standard.png]
[27Feb2025 21:21:56.803] [Netty Local Client IO #1/INFO] [SlideShow/]: New ProjectorURL[urlString=http://minecraft.scoreboard.capybara-soum.ovh:8080/output_standard.png]
[27Feb2025 21:21:58.296] [Netty Local Client IO #1/INFO] [SlideShow/]: New ProjectorURL[urlString=http://minecraft.scoreboard.capybara-soum.ovh:8080/output_standard.png]
[27Feb2025 21:22:00.903] [Netty Local Client IO #1/INFO] [SlideShow/]: New ProjectorURL[urlString=http://minecraft.scoreboard.capybara-soum.ovh:8080/output_standard.png]
[27Feb2025 21:22:01.001] [Netty Local Client IO #1/INFO] [SlideShow/]: New ProjectorURL[urlString=http://minecraft.scoreboard.capybara-soum.ovh:8080/output_standard.png]
[27Feb2025 21:22:02.902] [Netty Local Client IO #1/INFO] [SlideShow/]: New ProjectorURL[urlString=http://minecraft.scoreboard.capybara-soum.ovh:8080/output_standard.png]
[27Feb2025 21:22:02.999] [Netty Local Client IO #1/INFO] [SlideShow/]: New ProjectorURL[urlString=http://minecraft.scoreboard.capybara-soum.ovh:8080/output_standard.png]
[27Feb2025 21:22:05.849] [Netty Local Client IO #1/INFO] [SlideShow/]: New ProjectorURL[urlString=http://minecraft.scoreboard.capybara-soum.ovh:8080/output_standard.png]
[27Feb2025 21:22:08.450] [Netty Local Client IO #1/INFO] [SlideShow/]: New ProjectorURL[urlString=http://minecraft.scoreboard.capybara-soum.ovh:8080/output_standard.png]
[27Feb2025 21:22:11.097] [Netty Local Client IO #1/INFO] [SlideShow/]: New ProjectorURL[urlString=http://minecraft.scoreboard.capybara-soum.ovh:8080/output_standard.png]
[27Feb2025 21:22:12.497] [Netty Local Client IO #1/INFO] [SlideShow/]: New ProjectorURL[urlString=http://minecraft.scoreboard.capybara-soum.ovh:8080/output_standard.png]
[27Feb2025 21:22:52.203] [Render thread/INFO] [SlideShow/]: New ProjectorURL[urlString=http://minecraft.scoreboard.capybara-soum.ovh:8080/output_standard.png?t=1]
[27Feb2025 21:24:23.204] [Render thread/INFO] [SlideShow/]: New ProjectorURL[urlString=http://minecraft.scoreboard.capybara-soum.ovh:8080/output_standard.png?t=2]
[27Feb2025 21:24:47.554] [Server thread/INFO] [net.minecraft.client.server.IntegratedServer/]: Saving and pausing game...
[27Feb2025 21:24:47.556] [Server thread/INFO] [net.minecraft.server.MinecraftServer/]: Saving chunks for level 'ServerLevel[New Worldsadd]'/minecraft:overworld
[27Feb2025 21:24:47.570] [Server thread/INFO] [net.minecraft.server.MinecraftServer/]: Saving chunks for level 'ServerLevel[New Worldsadd]'/minecraft:the_nether
[27Feb2025 21:24:47.576] [Server thread/INFO] [net.minecraft.server.MinecraftServer/]: Saving chunks for level 'ServerLevel[New Worldsadd]'/minecraft:the_end
[27Feb2025 21:25:00.154] [Server thread/INFO] [net.minecraft.client.server.IntegratedServer/]: Saving and pausing game...
[27Feb2025 21:25:00.156] [Server thread/INFO] [net.minecraft.server.MinecraftServer/]: Saving chunks for level 'ServerLevel[New Worldsadd]'/minecraft:overworld
[27Feb2025 21:25:00.163] [Server thread/INFO] [net.minecraft.server.MinecraftServer/]: Saving chunks for level 'ServerLevel[New Worldsadd]'/minecraft:the_nether
[27Feb2025 21:25:00.167] [Server thread/INFO] [net.minecraft.server.MinecraftServer/]: Saving chunks for level 'ServerLevel[New Worldsadd]'/minecraft:the_end
[27Feb2025 21:25:08.054] [Server thread/INFO] [net.minecraft.client.server.IntegratedServer/]: Saving and pausing game...
[27Feb2025 21:25:08.056] [Server thread/INFO] [net.minecraft.server.MinecraftServer/]: Saving chunks for level 'ServerLevel[New Worldsadd]'/minecraft:overworld
[27Feb2025 21:25:08.062] [Server thread/INFO] [net.minecraft.server.MinecraftServer/]: Saving chunks for level 'ServerLevel[New Worldsadd]'/minecraft:the_nether
[27Feb2025 21:25:08.067] [Server thread/INFO] [net.minecraft.server.MinecraftServer/]: Saving chunks for level 'ServerLevel[New Worldsadd]'/minecraft:the_end
[27Feb2025 21:25:11.204] [Server thread/INFO] [net.minecraft.client.server.IntegratedServer/]: Saving and pausing game...
[27Feb2025 21:25:11.206] [Server thread/INFO] [net.minecraft.server.MinecraftServer/]: Saving chunks for level 'ServerLevel[New Worldsadd]'/minecraft:overworld
[27Feb2025 21:25:11.211] [Server thread/INFO] [net.minecraft.server.MinecraftServer/]: Saving chunks for level 'ServerLevel[New Worldsadd]'/minecraft:the_nether
[27Feb2025 21:25:11.214] [Server thread/INFO] [net.minecraft.server.MinecraftServer/]: Saving chunks for level 'ServerLevel[New Worldsadd]'/minecraft:the_end
[27Feb2025 21:25:35.754] [Server thread/INFO] [net.minecraft.client.server.IntegratedServer/]: Saving and pausing game...
[27Feb2025 21:25:35.756] [Server thread/INFO] [net.minecraft.server.MinecraftServer/]: Saving chunks for level 'ServerLevel[New Worldsadd]'/minecraft:overworld
[27Feb2025 21:25:35.765] [Server thread/INFO] [net.minecraft.server.MinecraftServer/]: Saving chunks for level 'ServerLevel[New Worldsadd]'/minecraft:the_nether
[27Feb2025 21:25:35.772] [Server thread/INFO] [net.minecraft.server.MinecraftServer/]: Saving chunks for level 'ServerLevel[New Worldsadd]'/minecraft:the_end
[27Feb2025 21:26:10.054] [Server thread/INFO] [net.minecraft.client.server.IntegratedServer/]: Saving and pausing game...
[27Feb2025 21:26:10.056] [Server thread/INFO] [net.minecraft.server.MinecraftServer/]: Saving chunks for level 'ServerLevel[New Worldsadd]'/minecraft:overworld
[27Feb2025 21:26:10.069] [Server thread/INFO] [net.minecraft.server.MinecraftServer/]: Saving chunks for level 'ServerLevel[New Worldsadd]'/minecraft:the_nether
[27Feb2025 21:26:10.076] [Server thread/INFO] [net.minecraft.server.MinecraftServer/]: Saving chunks for level 'ServerLevel[New Worldsadd]'/minecraft:the_end
[27Feb2025 21:26:28.542] [Render thread/INFO] [SlideShow/]: New ProjectorURL[urlString=http://minecraft.scoreboard.capybara-soum.ovh:8080/output_standard.png?t=3]
[27Feb2025 21:26:31.904] [Server thread/INFO] [net.minecraft.client.server.IntegratedServer/]: Saving and pausing game...
[27Feb2025 21:26:31.906] [Server thread/INFO] [net.minecraft.server.MinecraftServer/]: Saving chunks for level 'ServerLevel[New Worldsadd]'/minecraft:overworld
[27Feb2025 21:26:31.917] [Server thread/INFO] [net.minecraft.server.MinecraftServer/]: Saving chunks for level 'ServerLevel[New Worldsadd]'/minecraft:the_nether
[27Feb2025 21:26:31.924] [Server thread/INFO] [net.minecraft.server.MinecraftServer/]: Saving chunks for level 'ServerLevel[New Worldsadd]'/minecraft:the_end
[27Feb2025 21:26:37.354] [Server thread/INFO] [net.minecraft.client.server.IntegratedServer/]: Saving and pausing game...
[27Feb2025 21:26:37.356] [Server thread/INFO] [net.minecraft.server.MinecraftServer/]: Saving chunks for level 'ServerLevel[New Worldsadd]'/minecraft:overworld
[27Feb2025 21:26:37.362] [Server thread/INFO] [net.minecraft.server.MinecraftServer/]: Saving chunks for level 'ServerLevel[New Worldsadd]'/minecraft:the_nether
[27Feb2025 21:26:37.364] [Server thread/INFO] [net.minecraft.server.MinecraftServer/]: Saving chunks for level 'ServerLevel[New Worldsadd]'/minecraft:the_end
[27Feb2025 21:26:38.054] [Server thread/INFO] [net.minecraft.client.server.IntegratedServer/]: Saving and pausing game...
[27Feb2025 21:26:38.056] [Server thread/INFO] [net.minecraft.server.MinecraftServer/]: Saving chunks for level 'ServerLevel[New Worldsadd]'/minecraft:overworld
[27Feb2025 21:26:38.063] [Server thread/INFO] [net.minecraft.server.MinecraftServer/]: Saving chunks for level 'ServerLevel[New Worldsadd]'/minecraft:the_nether
[27Feb2025 21:26:38.067] [Server thread/INFO] [net.minecraft.server.MinecraftServer/]: Saving chunks for level 'ServerLevel[New Worldsadd]'/minecraft:the_end
[27Feb2025 21:26:38.654] [Server thread/INFO] [net.minecraft.client.server.IntegratedServer/]: Saving and pausing game...
[27Feb2025 21:26:38.656] [Server thread/INFO] [net.minecraft.server.MinecraftServer/]: Saving chunks for level 'ServerLevel[New Worldsadd]'/minecraft:overworld
[27Feb2025 21:26:38.661] [Server thread/INFO] [net.minecraft.server.MinecraftServer/]: Saving chunks for level 'ServerLevel[New Worldsadd]'/minecraft:the_nether
[27Feb2025 21:26:38.665] [Server thread/INFO] [net.minecraft.server.MinecraftServer/]: Saving chunks for level 'ServerLevel[New Worldsadd]'/minecraft:the_end
[27Feb2025 21:26:39.404] [Server thread/INFO] [net.minecraft.client.server.IntegratedServer/]: Saving and pausing game...
[27Feb2025 21:26:39.405] [Server thread/INFO] [net.minecraft.server.MinecraftServer/]: Saving chunks for level 'ServerLevel[New Worldsadd]'/minecraft:overworld
[27Feb2025 21:26:39.412] [Server thread/INFO] [net.minecraft.server.MinecraftServer/]: Saving chunks for level 'ServerLevel[New Worldsadd]'/minecraft:the_nether
[27Feb2025 21:26:39.415] [Server thread/INFO] [net.minecraft.server.MinecraftServer/]: Saving chunks for level 'ServerLevel[New Worldsadd]'/minecraft:the_end
[27Feb2025 21:26:40.054] [Server thread/INFO] [net.minecraft.client.server.IntegratedServer/]: Saving and pausing game...
[27Feb2025 21:26:40.056] [Server thread/INFO] [net.minecraft.server.MinecraftServer/]: Saving chunks for level 'ServerLevel[New Worldsadd]'/minecraft:overworld
[27Feb2025 21:26:40.061] [Server thread/INFO] [net.minecraft.server.MinecraftServer/]: Saving chunks for level 'ServerLevel[New Worldsadd]'/minecraft:the_nether
[27Feb2025 21:26:40.065] [Server thread/INFO] [net.minecraft.server.MinecraftServer/]: Saving chunks for level 'ServerLevel[New Worldsadd]'/minecraft:the_end
[27Feb2025 21:26:40.504] [Server thread/INFO] [net.minecraft.client.server.IntegratedServer/]: Saving and pausing game...
[27Feb2025 21:26:40.506] [Server thread/INFO] [net.minecraft.server.MinecraftServer/]: Saving chunks for level 'ServerLevel[New Worldsadd]'/minecraft:overworld
[27Feb2025 21:26:40.511] [Server thread/INFO] [net.minecraft.server.MinecraftServer/]: Saving chunks for level 'ServerLevel[New Worldsadd]'/minecraft:the_nether
[27Feb2025 21:26:40.514] [Server thread/INFO] [net.minecraft.server.MinecraftServer/]: Saving chunks for level 'ServerLevel[New Worldsadd]'/minecraft:the_end
[27Feb2025 21:26:43.904] [Server thread/INFO] [net.minecraft.client.server.IntegratedServer/]: Saving and pausing game...
[27Feb2025 21:26:43.906] [Server thread/INFO] [net.minecraft.server.MinecraftServer/]: Saving chunks for level 'ServerLevel[New Worldsadd]'/minecraft:overworld
[27Feb2025 21:26:43.913] [Server thread/INFO] [net.minecraft.server.MinecraftServer/]: Saving chunks for level 'ServerLevel[New Worldsadd]'/minecraft:the_nether
[27Feb2025 21:26:43.916] [Server thread/INFO] [net.minecraft.server.MinecraftServer/]: Saving chunks for level 'ServerLevel[New Worldsadd]'/minecraft:the_end
[27Feb2025 21:26:44.308] [Server thread/INFO] [net.minecraft.server.network.ServerGamePacketListenerImpl/]: Dev lost connection: Disconnected
[27Feb2025 21:26:44.308] [Server thread/INFO] [net.minecraft.server.MinecraftServer/]: Dev left the game
[27Feb2025 21:26:44.310] [Server thread/INFO] [net.minecraft.server.network.ServerCommonPacketListenerImpl/]: Stopping singleplayer server as player logged out
[27Feb2025 21:26:44.354] [Server thread/INFO] [net.minecraft.server.MinecraftServer/]: Stopping server
[27Feb2025 21:26:44.354] [Server thread/INFO] [net.minecraft.server.MinecraftServer/]: Saving players
[27Feb2025 21:26:44.354] [Server thread/INFO] [net.minecraft.server.MinecraftServer/]: Saving worlds
[27Feb2025 21:26:44.695] [Server thread/INFO] [net.minecraft.server.MinecraftServer/]: Saving chunks for level 'ServerLevel[New Worldsadd]'/minecraft:overworld
[27Feb2025 21:26:44.730] [Server thread/INFO] [net.minecraft.server.MinecraftServer/]: Saving chunks for level 'ServerLevel[New Worldsadd]'/minecraft:the_nether
[27Feb2025 21:26:44.732] [Server thread/INFO] [net.minecraft.server.MinecraftServer/]: Saving chunks for level 'ServerLevel[New Worldsadd]'/minecraft:the_end
[27Feb2025 21:26:44.738] [Server thread/INFO] [net.minecraft.server.MinecraftServer/]: ThreadedAnvilChunkStorage (New Worldsadd): All chunks are saved
[27Feb2025 21:26:44.738] [Server thread/INFO] [net.minecraft.server.MinecraftServer/]: ThreadedAnvilChunkStorage (DIM-1): All chunks are saved
[27Feb2025 21:26:44.738] [Server thread/INFO] [net.minecraft.server.MinecraftServer/]: ThreadedAnvilChunkStorage (DIM1): All chunks are saved
[27Feb2025 21:26:44.738] [Server thread/INFO] [net.minecraft.server.MinecraftServer/]: ThreadedAnvilChunkStorage: All dimensions are saved
[27Feb2025 21:26:46.127] [Render thread/INFO] [net.minecraft.client.Minecraft/]: Stopping!
